[backblue.gif]
[fade.gif]
[index.html]
[cdnjs.cloudflare.com/ajax/libs/baguettebox.js/1.11.1/baguetteBox.min.css]
[192.168.56.1_8000/header.jpg]
[192.168.56.1_8000/fullsize/1.jpg]
[192.168.56.1_8000/thumbnails/braden-hopkins-Nlpn996Yksg-unsplash.jpg]
[192.168.56.1_8000/fullsize/2.jpg]
[192.168.56.1_8000/thumbnails/braden-hopkins-pjENIdeds5c-unsplash.jpg]
[192.168.56.1_8000/fullsize/3.jpg]
[192.168.56.1_8000/thumbnails/ryan-klaus-f_NmJkZJTtc-unsplash.jpg]
[192.168.56.1_8000/fullsize/4.jpg]
[192.168.56.1_8000/thumbnails/colin-meg-H7yPF5oZuYE-unsplash.jpg]
[192.168.56.1_8000/fullsize/5.jpg]
[192.168.56.1_8000/thumbnails/nat-callaghan-IEmaR3ecfuY-unsplash.jpg]
[192.168.56.1_8000/fullsize/6.jpg]
[192.168.56.1_8000/thumbnails/samuel-regan-asante-abV5LdRGo_k-unsplash.jpg]
[192.168.56.1_8000/assets/bootstrap/js/bootstrap.min.js]
[cdnjs.cloudflare.com/ajax/libs/baguettebox.js/1.11.1/baguetteBox.min.js]
[192.168.56.1_8000/assets/js/creative.js]
[192.168.56.1_8000/index.html]
[192.168.56.1_8000/js/livereload.js]
[192.168.56.1_8000/bootstrap/css/bootstrap.min.css]
[192.168.56.1_8000/fonts/fontawesome-webfont3e6e.eot]
[192.168.56.1_8000/fonts/fontawesome-webfontd41d.eot]
[192.168.56.1_8000/fonts/fontawesome-webfont3e6e.woff2]
[192.168.56.1_8000/fonts/fontawesome-webfont3e6e.woff]
[192.168.56.1_8000/fonts/fontawesome-webfont3e6e.ttf]
[192.168.56.1_8000/fonts/font-awesome.min.css]
[cdnjs.cloudflare.com/ajax/libs/baguettebox.js/1.11.1/baguetteBox.min.css]
[192.168.56.1_8000/index-2.html]
[192.168.56.1_8000/fonts/fontawesome-webfont3e6e.svg]
